c_full 0.08213193714618683 fit 0.35s
perm 200 elapsed 81s (0.40s/draw)
perm 400 elapsed 120s (0.30s/draw)
perm 600 elapsed 140s (0.23s/draw)
perm 800 elapsed 194s (0.24s/draw)
perm 1000 elapsed 216s (0.22s/draw)
N2 {'draws': 200, 'n_indoor': 23697, 'mean': 0.0035469030090653254, 'sd': 0.06427320025900338, 'p5': -0.09498671917227149, 'p95': 0.12215651863242204, 'covers_0': True, 'stat': 'efficient_score', 'secs': 27.914515018463135}
tertiles {'low': {'n': 4310, 'coef_PA_given_cold': 0.08850346505641937}, 'mid': {'n': 4247, 'coef_PA_given_cold': 0.01604635640978813}, 'high': {'n': 2393, 'coef_PA_given_cold': 0.0904512107372284}}
yards nan nan
SUPPLEMENT_DONE
c_full 0.08213193714618683 fit 0.52s
perm 200 elapsed 133s (0.67s/draw)
perm 400 elapsed 195s (0.49s/draw)
perm 600 elapsed 239s (0.40s/draw)
perm 800 elapsed 304s (0.38s/draw)
perm 1000 elapsed 371s (0.37s/draw)
c_full 0.08213193714618683 fit 0.52s
perm 200 elapsed 139s (0.69s/draw)
perm 400 elapsed 204s (0.51s/draw)
perm 600 elapsed 269s (0.45s/draw)
perm 800 elapsed 328s (0.41s/draw)
perm 1000 elapsed 382s (0.38s/draw)
N1 saved {'draws': 1000, 'mean': -0.0027086987173825035, 'sd': 0.05509327001805542, 'p5': -0.09297420978546142, 'p95': 0.0882405199110508, 'pct_perm_le_c_hat': 0.937, 'secs': 381.816401720047}
N1 {'draws': 1000, 'mean': -0.0027086987173825035, 'sd': 0.05509327001805542, 'p5': -0.09297420978546142, 'p95': 0.0882405199110508, 'pct_perm_le_c_hat': 0.937, 'secs': 381.816401720047}
A5 {'draws': 100, 'full_refit_mean': -0.014510115884477273, 'full_refit_sd': 0.05982355516281328, 'score_mean': -0.014622680319624477, 'score_sd': 0.05984624375448825, 'max_abs_diff': 0.0006009189016790983, 'mean_abs_diff': 0.00011256443514720547, 'pearson_r': 0.9999977376589243, 'sign_agree_pct': 100.0}
c_obs 0.08213193714618683
cluster SE 0.05750483520924198 {'lo': -0.012463516773016228, 'hi': 0.17672739106538987, 'excludes_0': False}
c_obs 0.08213193714618683
cluster SE 0.05750483520924198 {'lo': -0.012463516773016228, 'hi': 0.17672739106538987, 'excludes_0': False}
boot 500 131s
boot 1000 269s
boot 1500 399s
boot 2000 513s
boot {'draws': 2000, 'games': 574, 'mean': 0.07962875307654031, 'p5': -0.01094459295272827, 'p95': 0.17463881745934487, 'excludes_0': False, 'secs': 512.9140360355377}
yards 0.11134052682770038 0.6690665950207536
FINISH_DONE
